Copyright 1986-2018 Xilinx, Inc. All Rights Reserved.
-------------------------------------------------------------------------------------------------------------------------------------------------
| Tool Version     : Vivado v.2018.3 (lin64) Build 2405991 Thu Dec  6 23:36:41 MST 2018
| Date             : Sat Apr 20 23:16:48 2019
| Host             : caffe-OptiPlex-5050 running 64-bit Ubuntu 18.04.2 LTS
| Command          : report_power -file RISCV_Top_power_routed.rpt -pb RISCV_Top_power_summary_routed.pb -rpx RISCV_Top_power_routed.rpx
| Design           : RISCV_Top
| Device           : xc7a100tcsg324-1
| Design State     : routed
| Grade            : commercial
| Process          : typical
| Characterization : Production
-------------------------------------------------------------------------------------------------------------------------------------------------

Power Report

Table of Contents
-----------------
1. Summary
1.1 On-Chip Components
1.2 Power Supply Summary
1.3 Confidence Level
2. Settings
2.1 Environment
2.2 Clock Constraints
3. Detailed Reports
3.1 By Hierarchy

1. Summary
----------

+--------------------------+-----------------------------------+
| Total On-Chip Power (W)  | 217.556 (Junction temp exceeded!) |
| Design Power Budget (W)  | Unspecified*                      |
| Power Budget Margin (W)  | NA                                |
| Dynamic (W)              | 216.759                           |
| Device Static (W)        | 0.797                             |
| Effective TJA (C/W)      | 4.6                               |
| Max Ambient (C)          | 0.0                               |
| Junction Temperature (C) | 125.0                             |
| Confidence Level         | Low                               |
| Setting File             | ---                               |
| Simulation Activity File | ---                               |
| Design Nets Matched      | NA                                |
+--------------------------+-----------------------------------+
* Specify Design Power Budget using, set_operating_conditions -design_power_budget <value in Watts>


1.1 On-Chip Components
----------------------

+----------------+-----------+----------+-----------+-----------------+
| On-Chip        | Power (W) | Used     | Available | Utilization (%) |
+----------------+-----------+----------+-----------+-----------------+
| Slice Logic    |    81.867 |    17661 |       --- |             --- |
|   LUT as Logic |    79.118 |    11464 |     63400 |           18.08 |
|   F7/F8 Muxes  |     2.480 |     1651 |     63400 |            2.60 |
|   CARRY4       |     0.135 |       43 |     15850 |            0.27 |
|   Register     |     0.124 |     3585 |    126800 |            2.83 |
|   BUFG         |     0.012 |        2 |        32 |            6.25 |
|   Others       |     0.000 |      195 |       --- |             --- |
| Signals        |   104.087 |    11919 |       --- |             --- |
| I/O            |    30.804 |       36 |       210 |           17.14 |
| Static Power   |     0.797 |          |           |                 |
| Total          |   217.555 |          |           |                 |
+----------------+-----------+----------+-----------+-----------------+


1.2 Power Supply Summary
------------------------

+-----------+-------------+-----------+-------------+------------+
| Source    | Voltage (V) | Total (A) | Dynamic (A) | Static (A) |
+-----------+-------------+-----------+-------------+------------+
| Vccint    |       1.000 |   186.549 |     185.987 |      0.563 |
| Vccaux    |       1.800 |     1.220 |       1.128 |      0.093 |
| Vcco33    |       3.300 |     8.714 |       8.710 |      0.004 |
| Vcco25    |       2.500 |     0.000 |       0.000 |      0.000 |
| Vcco18    |       1.800 |     0.000 |       0.000 |      0.000 |
| Vcco15    |       1.500 |     0.000 |       0.000 |      0.000 |
| Vcco135   |       1.350 |     0.000 |       0.000 |      0.000 |
| Vcco12    |       1.200 |     0.000 |       0.000 |      0.000 |
| Vccaux_io |       1.800 |     0.000 |       0.000 |      0.000 |
| Vccbram   |       1.000 |     0.018 |       0.000 |      0.018 |
| MGTAVcc   |       1.000 |     0.000 |       0.000 |      0.000 |
| MGTAVtt   |       1.200 |     0.000 |       0.000 |      0.000 |
| Vccadc    |       1.800 |     0.020 |       0.000 |      0.020 |
+-----------+-------------+-----------+-------------+------------+


1.3 Confidence Level
--------------------

+-----------------------------+------------+--------------------------------------------------------+--------------------------------------------------------------------------------------------------------------------+
| User Input Data             | Confidence | Details                                                | Action                                                                                                             |
+-----------------------------+------------+--------------------------------------------------------+--------------------------------------------------------------------------------------------------------------------+
| Design implementation state | High       | Design is routed                                       |                                                                                                                    |
| Clock nodes activity        | Low        | User specified less than 75% of clocks                 | Provide missing clock activity with a constraint file, simulation results or by editing the "By Clock Domain" view |
| I/O nodes activity          | Low        | More than 75% of inputs are missing user specification | Provide missing input activity with simulation results or by editing the "By Resource Type -> I/Os" view           |
| Internal nodes activity     | Medium     | User specified less than 25% of internal nodes         | Provide missing internal nodes activity with simulation results or by editing the "By Resource Type" views         |
| Device models               | High       | Device models are Production                           |                                                                                                                    |
|                             |            |                                                        |                                                                                                                    |
| Overall confidence level    | Low        |                                                        |                                                                                                                    |
+-----------------------------+------------+--------------------------------------------------------+--------------------------------------------------------------------------------------------------------------------+


2. Settings
-----------

2.1 Environment
---------------

+-----------------------+--------------------------+
| Ambient Temp (C)      | 25.0                     |
| ThetaJA (C/W)         | 4.6                      |
| Airflow (LFM)         | 250                      |
| Heat Sink             | medium (Medium Profile)  |
| ThetaSA (C/W)         | 4.6                      |
| Board Selection       | medium (10"x10")         |
| # of Board Layers     | 12to15 (12 to 15 Layers) |
| Board Temperature (C) | 25.0                     |
+-----------------------+--------------------------+


2.2 Clock Constraints
---------------------

+-------+--------+-----------------+
| Clock | Domain | Constraint (ns) |
+-------+--------+-----------------+


3. Detailed Reports
-------------------

3.1 By Hierarchy
----------------

+----------------------+-----------+
| Name                 | Power (W) |
+----------------------+-----------+
| RISCV_Top            |   216.758 |
|   rv                 |   183.116 |
|     EX_MEM           |    33.894 |
|       genblk1[0].f   |     0.371 |
|       genblk1[100].f |     0.007 |
|       genblk1[101].f |     0.004 |
|       genblk1[102].f |     0.003 |
|       genblk1[103].f |     0.002 |
|       genblk1[104].f |     0.002 |
|       genblk1[105].f |     0.001 |
|       genblk1[106].f |     0.002 |
|       genblk1[107].f |     0.001 |
|       genblk1[108].f |     0.001 |
|       genblk1[10].f  |     0.266 |
|       genblk1[11].f  |     0.306 |
|       genblk1[126].f |     0.001 |
|       genblk1[127].f |     0.001 |
|       genblk1[129].f |     0.007 |
|       genblk1[12].f  |     0.299 |
|       genblk1[130].f |     0.005 |
|       genblk1[131].f |     0.005 |
|       genblk1[132].f |     0.006 |
|       genblk1[133].f |     0.002 |
|       genblk1[134].f |     0.003 |
|       genblk1[135].f |     0.003 |
|       genblk1[136].f |     0.003 |
|       genblk1[137].f |     0.002 |
|       genblk1[138].f |     0.003 |
|       genblk1[139].f |     0.001 |
|       genblk1[13].f  |     0.329 |
|       genblk1[140].f |     0.001 |
|       genblk1[141].f |     0.001 |
|       genblk1[144].f |     0.005 |
|       genblk1[146].f |     0.001 |
|       genblk1[149].f |     0.011 |
|       genblk1[14].f  |     0.265 |
|       genblk1[150].f |     0.002 |
|       genblk1[156].f |     0.004 |
|       genblk1[157].f |     0.001 |
|       genblk1[158].f |     0.001 |
|       genblk1[159].f |     0.001 |
|       genblk1[15].f  |     0.187 |
|       genblk1[163].f |     0.151 |
|       genblk1[164].f |     0.005 |
|       genblk1[16].f  |     0.195 |
|       genblk1[179].f |     6.504 |
|       genblk1[17].f  |     0.137 |
|       genblk1[180].f |     1.023 |
|       genblk1[181].f |    17.146 |
|       genblk1[182].f |     0.075 |
|       genblk1[183].f |     0.009 |
|       genblk1[18].f  |     0.259 |
|       genblk1[19].f  |     0.227 |
|       genblk1[1].f   |     0.324 |
|       genblk1[20].f  |     0.225 |
|       genblk1[21].f  |     0.244 |
|       genblk1[22].f  |     0.205 |
|       genblk1[23].f  |     0.189 |
|       genblk1[24].f  |     0.065 |
|       genblk1[25].f  |     0.038 |
|       genblk1[26].f  |     0.058 |
|       genblk1[27].f  |     0.065 |
|       genblk1[28].f  |     0.058 |
|       genblk1[29].f  |     0.097 |
|       genblk1[2].f   |     0.395 |
|       genblk1[30].f  |     0.063 |
|       genblk1[31].f  |     0.097 |
|       genblk1[3].f   |     0.362 |
|       genblk1[4].f   |     0.456 |
|       genblk1[5].f   |     0.438 |
|       genblk1[64].f  |     1.379 |
|       genblk1[65].f  |     0.004 |
|       genblk1[66].f  |     0.001 |
|       genblk1[68].f  |     0.003 |
|       genblk1[69].f  |     0.002 |
|       genblk1[6].f   |     0.328 |
|       genblk1[70].f  |     0.003 |
|       genblk1[71].f  |     0.005 |
|       genblk1[79].f  |     0.001 |
|       genblk1[7].f   |     0.412 |
|       genblk1[8].f   |     0.197 |
|       genblk1[91].f  |     0.001 |
|       genblk1[97].f  |     0.004 |
|       genblk1[98].f  |     0.006 |
|       genblk1[99].f  |     0.004 |
|       genblk1[9].f   |     0.292 |
|     EX_rs1_mux       |     0.161 |
|     ID_EX            |     0.609 |
|       genblk1[10].f  |     0.002 |
|       genblk1[11].f  |     0.002 |
|       genblk1[128].f |     0.006 |
|       genblk1[129].f |     0.003 |
|       genblk1[12].f  |     0.002 |
|       genblk1[130].f |     0.006 |
|       genblk1[131].f |     0.002 |
|       genblk1[132].f |     0.002 |
|       genblk1[133].f |     0.002 |
|       genblk1[134].f |     0.002 |
|       genblk1[135].f |     0.004 |
|       genblk1[136].f |     0.004 |
|       genblk1[137].f |     0.004 |
|       genblk1[138].f |     0.003 |
|       genblk1[139].f |     0.001 |
|       genblk1[140].f |     0.001 |
|       genblk1[141].f |     0.001 |
|       genblk1[142].f |     0.001 |
|       genblk1[143].f |     0.003 |
|       genblk1[144].f |     0.003 |
|       genblk1[145].f |     0.003 |
|       genblk1[146].f |     0.002 |
|       genblk1[147].f |     0.003 |
|       genblk1[148].f |     0.003 |
|       genblk1[149].f |     0.003 |
|       genblk1[150].f |     0.002 |
|       genblk1[151].f |     0.001 |
|       genblk1[152].f |     0.002 |
|       genblk1[153].f |     0.004 |
|       genblk1[154].f |     0.001 |
|       genblk1[155].f |     0.004 |
|       genblk1[156].f |     0.001 |
|       genblk1[157].f |     0.001 |
|       genblk1[158].f |     0.003 |
|       genblk1[159].f |     0.001 |
|       genblk1[15].f  |     0.002 |
|       genblk1[184].f |     0.038 |
|       genblk1[185].f |     0.110 |
|       genblk1[186].f |     0.005 |
|       genblk1[187].f |     0.203 |
|       genblk1[1].f   |     0.007 |
|       genblk1[2].f   |     0.006 |
|       genblk1[30].f  |     0.003 |
|       genblk1[31].f  |     0.002 |
|       genblk1[33].f  |     0.004 |
|       genblk1[34].f  |     0.009 |
|       genblk1[35].f  |     0.004 |
|       genblk1[36].f  |     0.005 |
|       genblk1[37].f  |     0.005 |
|       genblk1[38].f  |     0.004 |
|       genblk1[39].f  |     0.005 |
|       genblk1[3].f   |     0.007 |
|       genblk1[40].f  |     0.002 |
|       genblk1[41].f  |     0.003 |
|       genblk1[42].f  |     0.002 |
|       genblk1[43].f  |     0.002 |
|       genblk1[44].f  |     0.004 |
|       genblk1[45].f  |     0.003 |
|       genblk1[47].f  |     0.002 |
|       genblk1[48].f  |     0.006 |
|       genblk1[4].f   |     0.005 |
|       genblk1[50].f  |     0.002 |
|       genblk1[53].f  |     0.005 |
|       genblk1[54].f  |     0.002 |
|       genblk1[56].f  |     0.002 |
|       genblk1[5].f   |     0.004 |
|       genblk1[60].f  |     0.011 |
|       genblk1[61].f  |     0.002 |
|       genblk1[62].f  |     0.002 |
|       genblk1[63].f  |     0.002 |
|       genblk1[6].f   |     0.005 |
|       genblk1[7].f   |     0.004 |
|       genblk1[8].f   |     0.004 |
|       genblk1[9].f   |     0.004 |
|     IF_ID            |     1.075 |
|       genblk1[0].f   |     0.007 |
|       genblk1[100].f |     0.009 |
|       genblk1[101].f |     0.008 |
|       genblk1[102].f |     0.002 |
|       genblk1[103].f |     0.002 |
|       genblk1[104].f |     0.003 |
|       genblk1[105].f |     0.001 |
|       genblk1[106].f |     0.002 |
|       genblk1[107].f |     0.002 |
|       genblk1[108].f |     0.007 |
|       genblk1[126].f |     0.002 |
|       genblk1[127].f |     0.002 |
|       genblk1[1].f   |     0.063 |
|       genblk1[33].f  |     0.010 |
|       genblk1[34].f  |     0.006 |
|       genblk1[35].f  |     0.007 |
|       genblk1[36].f  |     0.006 |
|       genblk1[37].f  |     0.003 |
|       genblk1[38].f  |     0.006 |
|       genblk1[39].f  |     0.004 |
|       genblk1[40].f  |     0.004 |
|       genblk1[41].f  |     0.003 |
|       genblk1[42].f  |     0.002 |
|       genblk1[43].f  |     0.002 |
|       genblk1[44].f  |     0.002 |
|       genblk1[62].f  |     0.002 |
|       genblk1[63].f  |     0.002 |
|       genblk1[66].f  |     0.148 |
|       genblk1[67].f  |     0.001 |
|       genblk1[68].f  |     0.241 |
|       genblk1[69].f  |     0.004 |
|       genblk1[70].f  |     0.156 |
|       genblk1[71].f  |     0.179 |
|       genblk1[76].f  |     0.006 |
|       genblk1[77].f  |     0.006 |
|       genblk1[79].f  |     0.005 |
|       genblk1[80].f  |     0.017 |
|       genblk1[81].f  |     0.004 |
|       genblk1[82].f  |     0.001 |
|       genblk1[83].f  |     0.002 |
|       genblk1[84].f  |     0.014 |
|       genblk1[85].f  |     0.006 |
|       genblk1[86].f  |     0.017 |
|       genblk1[87].f  |     0.008 |
|       genblk1[88].f  |     0.020 |
|       genblk1[92].f  |     0.003 |
|       genblk1[93].f  |     0.003 |
|       genblk1[94].f  |     0.003 |
|       genblk1[95].f  |     0.028 |
|       genblk1[97].f  |     0.018 |
|       genblk1[98].f  |     0.009 |
|       genblk1[99].f  |     0.004 |
|     MEM_WB           |     3.945 |
|       genblk1[0].f   |     0.118 |
|       genblk1[10].f  |     0.217 |
|       genblk1[11].f  |     0.103 |
|       genblk1[12].f  |     0.092 |
|       genblk1[13].f  |     0.090 |
|       genblk1[14].f  |     0.087 |
|       genblk1[15].f  |     0.086 |
|       genblk1[16].f  |     0.088 |
|       genblk1[17].f  |     0.089 |
|       genblk1[18].f  |     0.086 |
|       genblk1[19].f  |     0.093 |
|       genblk1[1].f   |     0.167 |
|       genblk1[20].f  |     0.082 |
|       genblk1[21].f  |     0.098 |
|       genblk1[22].f  |     0.096 |
|       genblk1[23].f  |     0.100 |
|       genblk1[24].f  |     0.093 |
|       genblk1[25].f  |     0.091 |
|       genblk1[26].f  |     0.091 |
|       genblk1[27].f  |     0.096 |
|       genblk1[28].f  |     0.097 |
|       genblk1[29].f  |     0.094 |
|       genblk1[2].f   |     0.140 |
|       genblk1[30].f  |     0.095 |
|       genblk1[31].f  |     0.105 |
|       genblk1[32].f  |     0.022 |
|       genblk1[33].f  |     0.006 |
|       genblk1[34].f  |     0.002 |
|       genblk1[35].f  |     0.002 |
|       genblk1[36].f  |     0.001 |
|       genblk1[37].f  |     0.020 |
|       genblk1[3].f   |     0.260 |
|       genblk1[4].f   |     0.145 |
|       genblk1[5].f   |     0.137 |
|       genblk1[6].f   |     0.165 |
|       genblk1[7].f   |     0.251 |
|       genblk1[8].f   |     0.136 |
|       genblk1[9].f   |     0.202 |
|     OffsetPCMux      |     0.103 |
|     aluSrcBMux       |     0.062 |
|     branch_r1        |     0.092 |
|     branch_r2        |     0.093 |
|     ext              |     0.350 |
|     pc               |   101.751 |
|       genblk1[10].f  |     0.009 |
|       genblk1[11].f  |     0.014 |
|       genblk1[12].f  |     0.005 |
|       genblk1[13].f  |     0.001 |
|       genblk1[14].f  |     0.088 |
|       genblk1[1].f   |    25.598 |
|       genblk1[26].f  |     0.004 |
|       genblk1[2].f   |    24.309 |
|       genblk1[30].f  |     0.001 |
|       genblk1[31].f  |     0.002 |
|       genblk1[3].f   |    12.509 |
|       genblk1[4].f   |    10.867 |
|       genblk1[5].f   |     6.725 |
|       genblk1[6].f   |     6.594 |
|       genblk1[7].f   |    15.000 |
|       genblk1[8].f   |     0.012 |
|       genblk1[9].f   |     0.013 |
|     pcSrcMux         |     0.092 |
|     regWsrcMux1      |     1.042 |
|     rf               |     0.290 |
|       genblk1[11].ri |     0.067 |
|       genblk1[15].ri |     0.007 |
|       genblk1[19].ri |     0.014 |
|       genblk1[23].ri |     0.007 |
|       genblk1[27].ri |     0.166 |
|       genblk1[2].ri  |     0.001 |
|       genblk1[31].ri |     0.007 |
|       genblk1[3].ri  |     0.012 |
|       genblk1[7].ri  |     0.008 |
|     shamtMux         |     0.019 |
|     single_mem_bram  |    38.535 |
|       mymem          |    38.535 |
|   sd                 |     0.779 |
+----------------------+-----------+


